// Jest Snapshot v1, https://goo.gl/fbAQLP

exports[`CardExpirationDateElement should match snapshot and call lifecycle hook properly 1`] = `
<div>
  <div
    id="my-card-expiration-date"
  />
</div>
`;
